// Jest Snapshot v1, https://goo.gl/fbAQLP

exports[`Preview component tests Snapshot Testing 1`] = `<div />`;
